Archive member included to satisfy reference by file (symbol)

C:/ST/STM32CubeIDE_1.19.0/STM32CubeIDE/plugins/com.st.stm32cube.ide.mcu.externaltools.gnu-tools-for-stm32.13.3.rel1.win32_1.0.0.202411081344/tools/bin/../lib/gcc/arm-none-eabi/13.3.1/../../../../arm-none-eabi/lib/thumb/v7e-m+fp/hard\libc_nano.a(libc_a-exit.o)
                              C:/ST/STM32CubeIDE_1.19.0/STM32CubeIDE/plugins/com.st.stm32cube.ide.mcu.externaltools.gnu-tools-for-stm32.13.3.rel1.win32_1.0.0.202411081344/tools/bin/../lib/gcc/arm-none-eabi/13.3.1/../../../../arm-none-eabi/lib/thumb/v7e-m+fp/hard/crt0.o (exit)
C:/ST/STM32CubeIDE_1.19.0/STM32CubeIDE/plugins/com.st.stm32cube.ide.mcu.externaltools.gnu-tools-for-stm32.13.3.rel1.win32_1.0.0.202411081344/tools/bin/../lib/gcc/arm-none-eabi/13.3.1/../../../../arm-none-eabi/lib/thumb/v7e-m+fp/hard\libc_nano.a(libc_a-findfp.o)
                              C:/ST/STM32CubeIDE_1.19.0/STM32CubeIDE/plugins/com.st.stm32cube.ide.mcu.externaltools.gnu-tools-for-stm32.13.3.rel1.win32_1.0.0.202411081344/tools/bin/../lib/gcc/arm-none-eabi/13.3.1/../../../../arm-none-eabi/lib/thumb/v7e-m+fp/hard\libc_nano.a(libc_a-exit.o) (__stdio_exit_handler)
C:/ST/STM32CubeIDE_1.19.0/STM32CubeIDE/plugins/com.st.stm32cube.ide.mcu.externaltools.gnu-tools-for-stm32.13.3.rel1.win32_1.0.0.202411081344/tools/bin/../lib/gcc/arm-none-eabi/13.3.1/../../../../arm-none-eabi/lib/thumb/v7e-m+fp/hard\libc_nano.a(libc_a-fwalk.o)
                              C:/ST/STM32CubeIDE_1.19.0/STM32CubeIDE/plugins/com.st.stm32cube.ide.mcu.externaltools.gnu-tools-for-stm32.13.3.rel1.win32_1.0.0.202411081344/tools/bin/../lib/gcc/arm-none-eabi/13.3.1/../../../../arm-none-eabi/lib/thumb/v7e-m+fp/hard\libc_nano.a(libc_a-findfp.o) (_fwalk_sglue)
C:/ST/STM32CubeIDE_1.19.0/STM32CubeIDE/plugins/com.st.stm32cube.ide.mcu.externaltools.gnu-tools-for-stm32.13.3.rel1.win32_1.0.0.202411081344/tools/bin/../lib/gcc/arm-none-eabi/13.3.1/../../../../arm-none-eabi/lib/thumb/v7e-m+fp/hard\libc_nano.a(libc_a-stdio.o)
                              C:/ST/STM32CubeIDE_1.19.0/STM32CubeIDE/plugins/com.st.stm32cube.ide.mcu.externaltools.gnu-tools-for-stm32.13.3.rel1.win32_1.0.0.202411081344/tools/bin/../lib/gcc/arm-none-eabi/13.3.1/../../../../arm-none-eabi/lib/thumb/v7e-m+fp/hard\libc_nano.a(libc_a-findfp.o) (__sread)
C:/ST/STM32CubeIDE_1.19.0/STM32CubeIDE/plugins/com.st.stm32cube.ide.mcu.externaltools.gnu-tools-for-stm32.13.3.rel1.win32_1.0.0.202411081344/tools/bin/../lib/gcc/arm-none-eabi/13.3.1/../../../../arm-none-eabi/lib/thumb/v7e-m+fp/hard\libc_nano.a(libc_a-memset.o)
                              C:/ST/STM32CubeIDE_1.19.0/STM32CubeIDE/plugins/com.st.stm32cube.ide.mcu.externaltools.gnu-tools-for-stm32.13.3.rel1.win32_1.0.0.202411081344/tools/bin/../lib/gcc/arm-none-eabi/13.3.1/../../../../arm-none-eabi/lib/thumb/v7e-m+fp/hard/crt0.o (memset)
C:/ST/STM32CubeIDE_1.19.0/STM32CubeIDE/plugins/com.st.stm32cube.ide.mcu.externaltools.gnu-tools-for-stm32.13.3.rel1.win32_1.0.0.202411081344/tools/bin/../lib/gcc/arm-none-eabi/13.3.1/../../../../arm-none-eabi/lib/thumb/v7e-m+fp/hard\libc_nano.a(libc_a-closer.o)
                              C:/ST/STM32CubeIDE_1.19.0/STM32CubeIDE/plugins/com.st.stm32cube.ide.mcu.externaltools.gnu-tools-for-stm32.13.3.rel1.win32_1.0.0.202411081344/tools/bin/../lib/gcc/arm-none-eabi/13.3.1/../../../../arm-none-eabi/lib/thumb/v7e-m+fp/hard\libc_nano.a(libc_a-stdio.o) (_close_r)
C:/ST/STM32CubeIDE_1.19.0/STM32CubeIDE/plugins/com.st.stm32cube.ide.mcu.externaltools.gnu-tools-for-stm32.13.3.rel1.win32_1.0.0.202411081344/tools/bin/../lib/gcc/arm-none-eabi/13.3.1/../../../../arm-none-eabi/lib/thumb/v7e-m+fp/hard\libc_nano.a(libc_a-reent.o)
                              C:/ST/STM32CubeIDE_1.19.0/STM32CubeIDE/plugins/com.st.stm32cube.ide.mcu.externaltools.gnu-tools-for-stm32.13.3.rel1.win32_1.0.0.202411081344/tools/bin/../lib/gcc/arm-none-eabi/13.3.1/../../../../arm-none-eabi/lib/thumb/v7e-m+fp/hard\libc_nano.a(libc_a-closer.o) (errno)
C:/ST/STM32CubeIDE_1.19.0/STM32CubeIDE/plugins/com.st.stm32cube.ide.mcu.externaltools.gnu-tools-for-stm32.13.3.rel1.win32_1.0.0.202411081344/tools/bin/../lib/gcc/arm-none-eabi/13.3.1/../../../../arm-none-eabi/lib/thumb/v7e-m+fp/hard\libc_nano.a(libc_a-impure.o)
                              C:/ST/STM32CubeIDE_1.19.0/STM32CubeIDE/plugins/com.st.stm32cube.ide.mcu.externaltools.gnu-tools-for-stm32.13.3.rel1.win32_1.0.0.202411081344/tools/bin/../lib/gcc/arm-none-eabi/13.3.1/../../../../arm-none-eabi/lib/thumb/v7e-m+fp/hard\libc_nano.a(libc_a-reent.o) (_impure_ptr)
C:/ST/STM32CubeIDE_1.19.0/STM32CubeIDE/plugins/com.st.stm32cube.ide.mcu.externaltools.gnu-tools-for-stm32.13.3.rel1.win32_1.0.0.202411081344/tools/bin/../lib/gcc/arm-none-eabi/13.3.1/../../../../arm-none-eabi/lib/thumb/v7e-m+fp/hard\libc_nano.a(libc_a-lseekr.o)
[...]
Memory Configuration

Name             Origin             Length             Attributes
RAM              0x20000000         0x00010000         xrw
FLASH            0x08000000         0x00040000         xr
*default*        0x00000000         0xffffffff

Linker script and memory map

LOAD C:/ST/STM32CubeIDE_1.19.0/STM32CubeIDE/plugins/com.st.stm32cube.ide.mcu.externaltools.gnu-tools-for-stm32.13.3.rel1.win32_1.0.0.202411081344/tools/bin/../lib/gcc/arm-none-eabi/13.3.1/thumb/v7e-m+fp/hard/crti.o
LOAD C:/ST/STM32CubeIDE_1.19.0/STM32CubeIDE/plugins/com.st.stm32cube.ide.mcu.externaltools.gnu-tools-for-stm32.13.3.rel1.win32_1.0.0.202411081344/tools/bin/../lib/gcc/arm-none-eabi/13.3.1/thumb/v7e-m+fp/hard/crtbegin.o
LOAD C:/ST/STM32CubeIDE_1.19.0/STM32CubeIDE/plugins/com.st.stm32cube.ide.mcu.externaltools.gnu-tools-for-stm32.13.3.rel1.win32_1.0.0.202411081344/tools/bin/../lib/gcc/arm-none-eabi/13.3.1/../../../../arm-none-eabi/lib/thumb/v7e-m+fp/hard/crt0.o
LOAD ./Core/Src/cpp_main.o
LOAD ./Core/Src/encoder.o
LOAD ./Core/Src/main.o
LOAD ./Core/Src/motor.o
LOAD ./Core/Src/pid_controller.o
LOAD ./Core/Src/stm32f4xx_hal_msp.o
LOAD ./Core/Src/stm32f4xx_it.o
LOAD ./Core/Src/syscalls.o
LOAD ./Core/Src/sysmem.o
LOAD ./Core/Src/system_stm32f4xx.o
LOAD ./Core/Startup/startup_stm32f401ccux.o
LOAD ./Drivers/STM32F4xx_HAL_Driver/Src/stm32f4xx_hal.o
LOAD ./Drivers/STM32F4xx_HAL_Driver/Src/stm32f4xx_hal_cortex.o
LOAD ./Drivers/STM32F4xx_HAL_Driver/Src/stm32f4xx_hal_dma.o
LOAD ./Drivers/STM32F4xx_HAL_Driver/Src/stm32f4xx_hal_dma_ex.o
LOAD ./Drivers/STM32F4xx_HAL_Driver/Src/stm32f4xx_hal_exti.o
LOAD ./Drivers/STM32F4xx_HAL_Driver/Src/stm32f4xx_hal_flash.o
LOAD ./Drivers/STM32F4xx_HAL_Driver/Src/stm32f4xx_hal_flash_ex.o
LOAD ./Drivers/STM32F4xx_HAL_Driver/Src/stm32f4xx_hal_flash_ramfunc.o
LOAD ./Drivers/STM32F4xx_HAL_Driver/Src/stm32f4xx_hal_gpio.o
LOAD ./Drivers/STM32F4xx_HAL_Driver/Src/stm32f4xx_hal_pwr.o
LOAD ./Drivers/STM32F4xx_HAL_Driver/Src/stm32f4xx_hal_pwr_ex.o
LOAD ./Drivers/STM32F4xx_HAL_Driver/Src/stm32f4xx_hal_rcc.o
LOAD ./Drivers/STM32F4xx_HAL_Driver/Src/stm32f4xx_hal_rcc_ex.o
LOAD ./Drivers/STM32F4xx_HAL_Driver/Src/stm32f4xx_hal_tim.o
LOAD ./Drivers/STM32F4xx_HAL_Driver/Src/stm32f4xx_hal_tim_ex.o
LOAD ./Drivers/STM32F4xx_HAL_Driver/Src/stm32f4xx_hal_uart.o
START GROUP
LOAD C:/ST/STM32CubeIDE_1.19.0/STM32CubeIDE/plugins/com.st.stm32cube.ide.mcu.externaltools.gnu-tools-for-stm32.13.3.rel1.win32_1.0.0.202411081344/tools/bin/../lib/gcc/arm-none-eabi/13.3.1/../../../../arm-none-eabi/lib/thumb/v7e-m+fp/hard\libstdc++_nano.a
LOAD C:/ST/STM32CubeIDE_1.19.0/STM32CubeIDE/plugins/com.st.stm32cube.ide.mcu.externaltools.gnu-tools-for-stm32.13.3.rel1.win32_1.0.0.202411081344/tools/bin/../lib/gcc/arm-none-eabi/13.3.1/../../../../arm-none-eabi/lib/thumb/v7e-m+fp/hard\libsupc++_nano.a
END GROUP
LOAD C:/ST/STM32CubeIDE_1.19.0/STM32CubeIDE/plugins/com.st.stm32cube.ide.mcu.externaltools.gnu-tools-for-stm32.13.3.rel1.win32_1.0.0.202411081344/tools/bin/../lib/gcc/arm-none-eabi/13.3.1/../../../../arm-none-eabi/lib/thumb/v7e-m+fp/hard\libstdc++_nano.a
LOAD C:/ST/STM32CubeIDE_1.19.0/STM32CubeIDE/plugins/com.st.stm32cube.ide.mcu.externaltools.gnu-tools-for-stm32.13.3.rel1.win32_1.0.0.202411081344/tools/bin/../lib/gcc/arm-none-eabi/13.3.1/../../../../arm-none-eabi/lib/thumb/v7e-m+fp/hard\libm.a
LOAD C:/ST/STM32CubeIDE_1.19.0/STM32CubeIDE/plugins/com.st.stm32cube.ide.mcu.externaltools.gnu-tools-for-stm32.13.3.rel1.win32_1.0.0.202411081344/tools/bin/../lib/gcc/arm-none-eabi/13.3.1/../../../../arm-none-eabi/lib/thumb/v7e-m+fp/hard\libc_nano.a
START GROUP
LOAD C:/ST/STM32CubeIDE_1.19.0/STM32CubeIDE/plugins/com.st.stm32cube.ide.mcu.externaltools.gnu-tools-for-stm32.13.3.rel1.win32_1.0.0.202411081344/tools/bin/../lib/gcc/arm-none-eabi/13.3.1/thumb/v7e-m+fp/hard\libgcc.a
LOAD C:/ST/STM32CubeIDE_1.19.0/STM32CubeIDE/plugins/com.st.stm32cube.ide.mcu.externaltools.gnu-tools-for-stm32.13.3.rel1.win32_1.0.0.202411081344/tools/bin/../lib/gcc/arm-none-eabi/13.3.1/../../../../arm-none-eabi/lib/thumb/v7e-m+fp/hard\libc_nano.a
END GROUP
START GROUP
LOAD C:/ST/STM32CubeIDE_1.19.0/STM32CubeIDE/plugins/com.st.stm32cube.ide.mcu.externaltools.gnu-tools-for-stm32.13.3.rel1.win32_1.0.0.202411081344/tools/bin/../lib/gcc/arm-none-eabi/13.3.1/thumb/v7e-m+fp/hard\libgcc.a
LOAD C:/ST/STM32CubeIDE_1.19.0/STM32CubeIDE/plugins/com.st.stm32cube.ide.mcu.externaltools.gnu-tools-for-stm32.13.3.rel1.win32_1.0.0.202411081344/tools/bin/../lib/gcc/arm-none-eabi/13.3.1/../../../../arm-none-eabi/lib/thumb/v7e-m+fp/hard\libc_nano.a
END GROUP
LOAD C:/ST/STM32CubeIDE_1.19.0/STM32CubeIDE/plugins/com.st.stm32cube.ide.mcu.externaltools.gnu-tools-for-stm32.13.3.rel1.win32_1.0.0.202411081344/tools/bin/../lib/gcc/arm-none-eabi/13.3.1/thumb/v7e-m+fp/hard/crtend.o
LOAD C:/ST/STM32CubeIDE_1.19.0/STM32CubeIDE/plugins/com.st.stm32cube.ide.mcu.externaltools.gnu-tools-for-stm32.13.3.rel1.win32_1.0.0.202411081344/tools/bin/../lib/gcc/arm-none-eabi/13.3.1/thumb/v7e-m+fp/hard/crtn.o
                0x20010000                        _estack = (ORIGIN (RAM) + LENGTH (RAM))
                0x00000200                        _Min_Heap_Size = 0x200
                0x00000400                        _Min_Stack_Size = 0x400

.isr_vector     0x08000000      0x194
                0x08000000                        . = ALIGN (0x4)
 *(.isr_vector)
 .isr_vector    0x08000000      0x194 ./Core/Startup/startup_stm32f401ccux.o
                0x08000000                g_pfnVectors
                0x08000194                        . = ALIGN (0x4)

.text           0x08000194     0x543c
                0x08000194                        . = ALIGN (0x4)
 *(.text)
 .text          0x08000194       0x40 C:/ST/STM32CubeIDE_1.19.0/STM32CubeIDE/plugins/com.st.stm32cube.ide.mcu.externaltools.gnu-tools-for-stm32.13.3.rel1.win32_1.0.0.202411081344/tools/bin/../lib/gcc/arm-none-eabi/13.3.1/thumb/v7e-m+fp/hard/crtbegin.o
 .text          0x080001d4       0x30 C:/ST/STM32CubeIDE_1.19.0/STM32CubeIDE/plugins/com.st.stm32cube.ide.mcu.externaltools.gnu-tools-for-stm32.13.3.rel1.win32_1.0.0.202411081344/tools/bin/../lib/gcc/arm-none-eabi/13.3.1/thumb/v7e-m+fp/hard\libgcc.a(_aeabi_uldivmod.o)
                0x080001d4                __aeabi_uldivmod
 .text          0x08000204      0x2f8 C:/ST/STM32CubeIDE_1.19.0/STM32CubeIDE/plugins/com.st.stm32cube.ide.mcu.externaltools.gnu-tools-for-stm32.13.3.rel1.win32_1.0.0.202411081344/tools/bin/../lib/gcc/arm-none-eabi/13.3.1/thumb/v7e-m+fp/hard\libgcc.a(_udivmoddi4.o)
                0x08000204                __udivmoddi4
 .text          0x080004fc        0x4 C:/ST/STM32CubeIDE_1.19.0/STM32CubeIDE/plugins/com.st.stm32cube.ide.mcu.externaltools.gnu-tools-for-stm32.13.3.rel1.win32_1.0.0.202411081344/tools/bin/../lib/gcc/arm-none-eabi/13.3.1/thumb/v7e-m+fp/hard\libgcc.a(_dvmd_tls.o)
                0x080004fc                __aeabi_idiv0
                0x080004fc                __aeabi_ldiv0
 *(.text*)
 .text._Z10swapValuesRfS_
                0x08000500       0x2a ./Core/Src/cpp_main.o
                0x08000500                swapValues(float&, float&)
 .text._Z13medianOfThreefff
                0x0800052a       0x86 ./Core/Src/cpp_main.o
                0x0800052a                medianOfThree(float, float, float)
 .text._Z19filterMeasuredSpeedhf
                0x080005b0      0x124 ./Core/Src/cpp_main.o
                0x080005b0                filterMeasuredSpeed(unsigned char, float)
 .text._Z16resetSpeedFilterh
                0x080006d4       0x68 ./Core/Src/cpp_main.o
                0x080006d4                resetSpeedFilter(unsigned char)
 .text._Z10clampValuefff
                0x0800073c       0x52 ./Core/Src/cpp_main.o
                0x0800073c                clampValue(float, float, float)
 .text._Z15applyMotorSpeedR5Motors
                0x0800078e       0x6e ./Core/Src/cpp_main.o
                0x0800078e                applyMotorSpeed(Motor&, short)
 .text._Z11applyMotionv
                0x080007fc      0x340 ./Core/Src/cpp_main.o
                0x080007fc                applyMotion()
 .text.HAL_TIM_PeriodElapsedCallback
                0x08000b3c       0x54 ./Core/Src/cpp_main.o
                0x08000b3c                HAL_TIM_PeriodElapsedCallback
 .text.HAL_UART_RxCpltCallback
                0x08000b90      0x15c ./Core/Src/cpp_main.o
                0x08000b90                HAL_UART_RxCpltCallback
 .text._ZZ18sendTelemetryFramevENKUlsE_clEs
                0x08000cec       0x3c ./Core/Src/cpp_main.o
 .text._Z18sendTelemetryFramev
                0x08000d28      0x108 ./Core/Src/cpp_main.o
                0x08000d28                sendTelemetryFrame()
 .text.HAL_UART_TxCpltCallback
                0x08000e30       0x2c ./Core/Src/cpp_main.o
                0x08000e30                HAL_UART_TxCpltCallback
 .text.cpp_main
                0x08000e5c      0x1d8 ./Core/Src/cpp_main.o
                0x08000e5c                cpp_main
 .text._Z10clampValueIsET_S0_S0_S0_
                0x08001034       0x46 ./Core/Src/cpp_main.o
                0x08001034                short clampValue<short>(short, short, short)
 *fill*         0x0800107a        0x2 
 .text._Z41__static_initialization_and_destruction_0v
                0x0800107c      0x1cc ./Core/Src/cpp_main.o
 .text._GLOBAL__sub_I_rxByte
                0x08001248        0xa ./Core/Src/cpp_main.o
 .text._ZN7EncoderC2EP17TIM_HandleTypeDefm
                0x08001252       0x2c ./Core/Src/encoder.o
                0x08001252                Encoder::Encoder(TIM_HandleTypeDef*, unsigned long)
                0x08001252                Encoder::Encoder(TIM_HandleTypeDef*, unsigned long)
 .text._ZN7Encoder4initEv
                0x0800127e       0x22 ./Core/Src/encoder.o
                0x0800127e                Encoder::init()
 .text._ZN7Encoder5resetEv
                0x080012a0       0x24 ./Core/Src/encoder.o
                0x080012a0                Encoder::reset()
 .text.main     0x080012c4       0x38 ./Core/Src/main.o
                0x080012c4                main
 .text.SystemClock_Config
                0x080012fc       0xd4 ./Core/Src/main.o
                0x080012fc                SystemClock_Config
 .text.MX_TIM1_Init
                0x080013d0      0x188 ./Core/Src/main.o
 .text.MX_TIM2_Init
                0x08001558       0xa8 ./Core/Src/main.o
 .text.MX_TIM3_Init
                0x08001600       0xa8 ./Core/Src/main.o
 .text.MX_TIM4_Init
                0x080016a8       0xa8 ./Core/Src/main.o
 .text.MX_TIM5_Init
                0x08001750       0xa8 ./Core/Src/main.o
 .text.MX_TIM9_Init
                0x080017f8       0x74 ./Core/Src/main.o
 .text.MX_TIM10_Init
                0x0800186c       0x48 ./Core/Src/main.o
 .text.MX_USART2_UART_Init
                0x080018b4       0x54 ./Core/Src/main.o
 .text.MX_GPIO_Init
                0x08001908      0x118 ./Core/Src/main.o
 .text.Error_Handler
                0x08001a20        0xc ./Core/Src/main.o
                0x08001a20                Error_Handler
 .text._ZN5MotorC2EP17TIM_HandleTypeDefmP12GPIO_TypeDeftS3_t
                0x08001a2c       0x46 ./Core/Src/motor.o
                0x08001a2c                Motor::Motor(TIM_HandleTypeDef*, unsigned long, GPIO_TypeDef*, unsigned short, GPIO_TypeDef*, unsigned short)
                0x08001a2c                Motor::Motor(TIM_HandleTypeDef*, unsigned long, GPIO_TypeDef*, unsigned short, GPIO_TypeDef*, unsigned short)
 .text._ZN5Motor4initEv
                0x08001a72       0x26 ./Core/Src/motor.o
                0x08001a72                Motor::init()
 .text._ZN5Motor8setSpeedEh
                0x08001a98       0x8c ./Core/Src/motor.o
                0x08001a98                Motor::setSpeed(unsigned char)
 .text._ZN5Motor12setDirectionE14MotorDirection
                0x08001b24       0x92 ./Core/Src/motor.o
                0x08001b24                Motor::setDirection(MotorDirection)
 .text._ZN5Motor4stopEv
                0x08001bb6       0x20 ./Core/Src/motor.o
                0x08001bb6                Motor::stop()
 .text._ZN13PIDControllerC2Effffff
                0x08001bd6       0x7a ./Core/Src/pid_controller.o
                0x08001bd6                PIDController::PIDController(float, float, float, float, float, float)
                0x08001bd6                PIDController::PIDController(float, float, float, float, float, float)
 .text._ZN13PIDController6updateEfff
                0x08001c50      0x1b4 ./Core/Src/pid_controller.o
                0x08001c50                PIDController::update(float, float, float)
 .text._ZNK13PIDController15getMeasureSpeedEv
                0x08001e04       0x1e ./Core/Src/pid_controller.o
                0x08001e04                PIDController::getMeasureSpeed() const
 .text._ZN13PIDController5resetEv
                0x08001e22       0x24 ./Core/Src/pid_controller.o
                0x08001e22                PIDController::reset()
 *fill*         0x08001e46        0x2 
 .text.HAL_MspInit
                0x08001e48       0x50 ./Core/Src/stm32f4xx_hal_msp.o
                0x08001e48                HAL_MspInit
 .text.HAL_TIM_Base_MspInit
                0x08001e98       0xb8 ./Core/Src/stm32f4xx_hal_msp.o
                0x08001e98                HAL_TIM_Base_MspInit
 .text.HAL_TIM_Encoder_MspInit
                0x08001f50      0x204 ./Core/Src/stm32f4xx_hal_msp.o
                0x08001f50                HAL_TIM_Encoder_MspInit
 .text.HAL_TIM_MspPostInit
                0x08002154       0x74 ./Core/Src/stm32f4xx_hal_msp.o
                0x08002154                HAL_TIM_MspPostInit
 .text.HAL_UART_MspInit
                0x080021c8       0xa0 ./Core/Src/stm32f4xx_hal_msp.o
                0x080021c8                HAL_UART_MspInit
 .text.NMI_Handler
                0x08002268        0x8 ./Core/Src/stm32f4xx_it.o
                0x08002268                NMI_Handler
 .text.HardFault_Handler
                0x08002270        0x8 ./Core/Src/stm32f4xx_it.o
                0x08002270                HardFault_Handler
 .text.MemManage_Handler
                0x08002278        0x8 ./Core/Src/stm32f4xx_it.o
                0x08002278                MemManage_Handler
 .text.BusFault_Handler
                0x08002280        0x8 ./Core/Src/stm32f4xx_it.o
                0x08002280                BusFault_Handler
 .text.UsageFault_Handler
                0x08002288        0x8 ./Core/Src/stm32f4xx_it.o
                0x08002288                UsageFault_Handler
 .text.SVC_Handler
                0x08002290        0xe ./Core/Src/stm32f4xx_it.o
                0x08002290                SVC_Handler
 .text.DebugMon_Handler
                0x0800229e        0xe ./Core/Src/stm32f4xx_it.o
                0x0800229e                DebugMon_Handler
 .text.PendSV_Handler
                0x080022ac        0xe ./Core/Src/stm32f4xx_it.o
                0x080022ac                PendSV_Handler
 .text.SysTick_Handler
                0x080022ba        0xc ./Core/Src/stm32f4xx_it.o
                0x080022ba                SysTick_Handler
 *fill*         0x080022c6        0x2 
 .text.TIM1_UP_TIM10_IRQHandler
                0x080022c8       0x1c ./Core/Src/stm32f4xx_it.o
                0x080022c8                TIM1_UP_TIM10_IRQHandler
 .text.USART2_IRQHandler
                0x080022e4       0x14 ./Core/Src/stm32f4xx_it.o
                0x080022e4                USART2_IRQHandler
 .text.SystemInit
                0x080022f8       0x24 ./Core/Src/system_stm32f4xx.o
                0x080022f8                SystemInit
 .text.Reset_Handler
                0x0800231c       0x50 ./Core/Startup/startup_stm32f401ccux.o
                0x0800231c                Reset_Handler
 .text.Default_Handler
                0x0800236c        0x2 ./Core/Startup/startup_stm32f401ccux.o
                0x0800236c                RTC_Alarm_IRQHandler
                0x0800236c                EXTI2_IRQHandler
                0x0800236c                SPI4_IRQHandler
                0x0800236c                TIM1_CC_IRQHandler
                0x0800236c                DMA2_Stream5_IRQHandler
                0x0800236c                DMA1_Stream5_IRQHandler
                0x0800236c                PVD_IRQHandler
                0x0800236c                SDIO_IRQHandler
                0x0800236c                TAMP_STAMP_IRQHandler
                0x0800236c                EXTI3_IRQHandler
                0x0800236c                I2C3_ER_IRQHandler
                0x0800236c                EXTI0_IRQHandler
                0x0800236c                I2C2_EV_IRQHandler
                0x0800236c                DMA1_Stream2_IRQHandler
                0x0800236c                FPU_IRQHandler
                0x0800236c                DMA2_Stream2_IRQHandler
                0x0800236c                SPI1_IRQHandler
                0x0800236c                TIM1_BRK_TIM9_IRQHandler
                0x0800236c                DMA2_Stream3_IRQHandler
                0x0800236c                USART6_IRQHandler
                0x0800236c                DMA2_Stream0_IRQHandler
                0x0800236c                TIM4_IRQHandler
                0x0800236c                I2C1_EV_IRQHandler
                0x0800236c                DMA1_Stream6_IRQHandler
                0x0800236c                DMA1_Stream1_IRQHandler
                0x0800236c                TIM3_IRQHandler
                0x0800236c                RCC_IRQHandler
                0x0800236c                Default_Handler
                0x0800236c                EXTI15_10_IRQHandler
                0x0800236c                ADC_IRQHandler
                0x0800236c                DMA1_Stream7_IRQHandler
                0x0800236c                TIM5_IRQHandler
                0x0800236c                DMA2_Stream7_IRQHandler
                0x0800236c                I2C3_EV_IRQHandler
                0x0800236c                EXTI9_5_IRQHandler
                0x0800236c                RTC_WKUP_IRQHandler
                0x0800236c                SPI2_IRQHandler
                0x0800236c                DMA1_Stream0_IRQHandler
                0x0800236c                EXTI4_IRQHandler
                0x0800236c                WWDG_IRQHandler
                0x0800236c                TIM2_IRQHandler
                0x0800236c                OTG_FS_WKUP_IRQHandler
                0x0800236c                TIM1_TRG_COM_TIM11_IRQHandler
                0x0800236c                EXTI1_IRQHandler
                0x0800236c                I2C2_ER_IRQHandler
                0x0800236c                DMA2_Stream1_IRQHandler
                0x0800236c                FLASH_IRQHandler
                0x0800236c                DMA2_Stream4_IRQHandler
                0x0800236c                USART1_IRQHandler
                0x0800236c                OTG_FS_IRQHandler
                0x0800236c                SPI3_IRQHandler
                0x0800236c                DMA1_Stream4_IRQHandler
                0x0800236c                I2C1_ER_IRQHandler
                0x0800236c                DMA2_Stream6_IRQHandler
                0x0800236c                DMA1_Stream3_IRQHandler
 *fill*         0x0800236e        0x2 
 .text.HAL_Init
                0x08002370       0x44 ./Drivers/STM32F4xx_HAL_Driver/Src/stm32f4xx_hal.o
                0x08002370                HAL_Init
 .text.HAL_InitTick
                0x080023b4       0x60 ./Drivers/STM32F4xx_HAL_Driver/Src/stm32f4xx_hal.o
                0x080023b4                HAL_InitTick
 .text.HAL_IncTick
                0x08002414       0x28 ./Drivers/STM32F4xx_HAL_Driver/Src/stm32f4xx_hal.o
                0x08002414                HAL_IncTick
 .text.HAL_GetTick
                0x0800243c       0x18 ./Drivers/STM32F4xx_HAL_Driver/Src/stm32f4xx_hal.o
                0x0800243c                HAL_GetTick
 .text.__NVIC_SetPriorityGrouping
                0x08002454       0x48 ./Drivers/STM32F4xx_HAL_Driver/Src/stm32f4xx_hal_cortex.o
 .text.__NVIC_GetPriorityGrouping
                0x0800249c       0x1c ./Drivers/STM32F4xx_HAL_Driver/Src/stm32f4xx_hal_cortex.o
 .text.__NVIC_EnableIRQ
                0x080024b8       0x3c ./Drivers/STM32F4xx_HAL_Driver/Src/stm32f4xx_hal_cortex.o
 .text.__NVIC_SetPriority
                0x080024f4       0x54 ./Drivers/STM32F4xx_HAL_Driver/Src/stm32f4xx_hal_cortex.o
 .text.NVIC_EncodePriority
                0x08002548       0x66 ./Drivers/STM32F4xx_HAL_Driver/Src/stm32f4xx_hal_cortex.o
 *fill*         0x080025ae        0x2 
 .text.SysTick_Config
                0x080025b0       0x44 ./Drivers/STM32F4xx_HAL_Driver/Src/stm32f4xx_hal_cortex.o
 .text.HAL_NVIC_SetPriorityGrouping
                0x080025f4       0x16 ./Drivers/STM32F4xx_HAL_Driver/Src/stm32f4xx_hal_cortex.o
                0x080025f4                HAL_NVIC_SetPriorityGrouping
 .text.HAL_NVIC_SetPriority
                0x0800260a       0x38 ./Drivers/STM32F4xx_HAL_Driver/Src/stm32f4xx_hal_cortex.o
                0x0800260a                HAL_NVIC_SetPriority
 .text.HAL_NVIC_EnableIRQ
                0x08002642       0x1c ./Drivers/STM32F4xx_HAL_Driver/Src/stm32f4xx_hal_cortex.o
                0x08002642                HAL_NVIC_EnableIRQ
 .text.HAL_SYSTICK_Config
                0x0800265e       0x18 ./Drivers/STM32F4xx_HAL_Driver/Src/stm32f4xx_hal_cortex.o
                0x0800265e                HAL_SYSTICK_Config
 .text.HAL_DMA_Abort
                0x08002676       0xe0 ./Drivers/STM32F4xx_HAL_Driver/Src/stm32f4xx_hal_dma.o
                0x08002676                HAL_DMA_Abort
 .text.HAL_DMA_Abort_IT
                0x08002756       0x44 ./Drivers/STM32F4xx_HAL_Driver/Src/stm32f4xx_hal_dma.o
                0x08002756                HAL_DMA_Abort_IT
 *fill*         0x0800279a        0x2 
 .text.HAL_GPIO_Init
                0x0800279c      0x308 ./Drivers/STM32F4xx_HAL_Driver/Src/stm32f4xx_hal_gpio.o
                0x0800279c                HAL_GPIO_Init
 .text.HAL_GPIO_WritePin
                0x08002aa4       0x32 ./Drivers/STM32F4xx_HAL_Driver/Src/stm32f4xx_hal_gpio.o
                0x08002aa4                HAL_GPIO_WritePin
 *fill*         0x08002ad6        0x2 
 .text.HAL_RCC_OscConfig
                0x08002ad8      0x4f0 ./Drivers/STM32F4xx_HAL_Driver/Src/stm32f4xx_hal_rcc.o
                0x08002ad8                HAL_RCC_OscConfig
 .text.HAL_RCC_ClockConfig
                0x08002fc8      0x1cc ./Drivers/STM32F4xx_HAL_Driver/Src/stm32f4xx_hal_rcc.o
                0x08002fc8                HAL_RCC_ClockConfig
 .text.HAL_RCC_GetSysClockFreq
                0x08003194      0x18c ./Drivers/STM32F4xx_HAL_Driver/Src/stm32f4xx_hal_rcc.o
                0x08003194                HAL_RCC_GetSysClockFreq
 .text.HAL_RCC_GetHCLKFreq
                0x08003320       0x18 ./Drivers/STM32F4xx_HAL_Driver/Src/stm32f4xx_hal_rcc.o
                0x08003320                HAL_RCC_GetHCLKFreq
 .text.HAL_RCC_GetPCLK1Freq
                0x08003338       0x28 ./Drivers/STM32F4xx_HAL_Driver/Src/stm32f4xx_hal_rcc.o
                0x08003338                HAL_RCC_GetPCLK1Freq
 .text.HAL_RCC_GetPCLK2Freq
                0x08003360       0x28 ./Drivers/STM32F4xx_HAL_Driver/Src/stm32f4xx_hal_rcc.o
                0x08003360                HAL_RCC_GetPCLK2Freq
 .text.HAL_TIM_Base_Init
                0x08003388       0x9e ./Drivers/STM32F4xx_HAL_Driver/Src/stm32f4xx_hal_tim.o
                0x08003388                HAL_TIM_Base_Init
 *fill*         0x08003426        0x2 
 .text.HAL_TIM_Base_Start_IT
                0x08003428       0xc4 ./Drivers/STM32F4xx_HAL_Driver/Src/stm32f4xx_hal_tim.o
                0x08003428                HAL_TIM_Base_Start_IT
 .text.HAL_TIM_PWM_Init
                0x080034ec       0x9e ./Drivers/STM32F4xx_HAL_Driver/Src/stm32f4xx_hal_tim.o
                0x080034ec                HAL_TIM_PWM_Init
 .text.HAL_TIM_PWM_MspInit
                0x0800358a       0x14 ./Drivers/STM32F4xx_HAL_Driver/Src/stm32f4xx_hal_tim.o
                0x0800358a                HAL_TIM_PWM_MspInit
 *fill*         0x0800359e        0x2 
 .text.HAL_TIM_PWM_Start
                0x080035a0      0x160 ./Drivers/STM32F4xx_HAL_Driver/Src/stm32f4xx_hal_tim.o
                0x080035a0                HAL_TIM_PWM_Start
 .text.HAL_TIM_Encoder_Init
                0x08003700      0x14c ./Drivers/STM32F4xx_HAL_Driver/Src/stm32f4xx_hal_tim.o
                0x08003700                HAL_TIM_Encoder_Init
 .text.HAL_TIM_Encoder_Start
                0x0800384c      0x11c ./Drivers/STM32F4xx_HAL_Driver/Src/stm32f4xx_hal_tim.o
                0x0800384c                HAL_TIM_Encoder_Start
 .text.HAL_TIM_IRQHandler
                0x08003968      0x1e0 ./Drivers/STM32F4xx_HAL_Driver/Src/stm32f4xx_hal_tim.o
                0x08003968                HAL_TIM_IRQHandler
 .text.HAL_TIM_PWM_ConfigChannel
                0x08003b48      0x184 ./Drivers/STM32F4xx_HAL_Driver/Src/stm32f4xx_hal_tim.o
                0x08003b48                HAL_TIM_PWM_ConfigChannel
 .text.HAL_TIM_ConfigClockSource
                0x08003ccc      0x18e ./Drivers/STM32F4xx_HAL_Driver/Src/stm32f4xx_hal_tim.o
                0x08003ccc                HAL_TIM_ConfigClockSource
 .text.HAL_TIM_OC_DelayElapsedCallback
                0x08003e5a       0x14 ./Drivers/STM32F4xx_HAL_Driver/Src/stm32f4xx_hal_tim.o
                0x08003e5a                HAL_TIM_OC_DelayElapsedCallback
 .text.HAL_TIM_IC_CaptureCallback
                0x08003e6e       0x14 ./Drivers/STM32F4xx_HAL_Driver/Src/stm32f4xx_hal_tim.o
                0x08003e6e                HAL_TIM_IC_CaptureCallback
 .text.HAL_TIM_PWM_PulseFinishedCallback
                0x08003e82       0x14 ./Drivers/STM32F4xx_HAL_Driver/Src/stm32f4xx_hal_tim.o
                0x08003e82                HAL_TIM_PWM_PulseFinishedCallback
 .text.HAL_TIM_TriggerCallback
                0x08003e96       0x14 ./Drivers/STM32F4xx_HAL_Driver/Src/stm32f4xx_hal_tim.o
                0x08003e96                HAL_TIM_TriggerCallback
 *fill*         0x08003eaa        0x2 
 .text.TIM_Base_SetConfig
                0x08003eac      0x10c ./Drivers/STM32F4xx_HAL_Driver/Src/stm32f4xx_hal_tim.o
                0x08003eac                TIM_Base_SetConfig
 .text.TIM_OC1_SetConfig
                0x08003fb8       0xcc ./Drivers/STM32F4xx_HAL_Driver/Src/stm32f4xx_hal_tim.o
 .text.TIM_OC2_SetConfig
                0x08004084       0xd8 ./Drivers/STM32F4xx_HAL_Driver/Src/stm32f4xx_hal_tim.o
                0x08004084                TIM_OC2_SetConfig
 .text.TIM_OC3_SetConfig
                0x0800415c       0xd4 ./Drivers/STM32F4xx_HAL_Driver/Src/stm32f4xx_hal_tim.o
 .text.TIM_OC4_SetConfig
                0x08004230       0xa0 ./Drivers/STM32F4xx_HAL_Driver/Src/stm32f4xx_hal_tim.o
 .text.TIM_TI1_ConfigInputStage
                0x080042d0       0x5e ./Drivers/STM32F4xx_HAL_Driver/Src/stm32f4xx_hal_tim.o
 .text.TIM_TI2_ConfigInputStage
                0x0800432e       0x60 ./Drivers/STM32F4xx_HAL_Driver/Src/stm32f4xx_hal_tim.o
 .text.TIM_ITRx_SetConfig
                0x0800438e       0x36 ./Drivers/STM32F4xx_HAL_Driver/Src/stm32f4xx_hal_tim.o
 .text.TIM_ETR_SetConfig
                0x080043c4       0x40 ./Drivers/STM32F4xx_HAL_Driver/Src/stm32f4xx_hal_tim.o
                0x080043c4                TIM_ETR_SetConfig
 .text.TIM_CCxChannelCmd
                0x08004404       0x4a ./Drivers/STM32F4xx_HAL_Driver/Src/stm32f4xx_hal_tim.o
                0x08004404                TIM_CCxChannelCmd
 *fill*         0x0800444e        0x2 
 .text.HAL_TIMEx_MasterConfigSynchronization
                0x08004450       0xdc ./Drivers/STM32F4xx_HAL_Driver/Src/stm32f4xx_hal_tim_ex.o
                0x08004450                HAL_TIMEx_MasterConfigSynchronization
 .text.HAL_TIMEx_ConfigBreakDeadTime
                0x0800452c       0xa4 ./Drivers/STM32F4xx_HAL_Driver/Src/stm32f4xx_hal_tim_ex.o
                0x0800452c                HAL_TIMEx_ConfigBreakDeadTime
 .text.HAL_TIMEx_CommutCallback
                0x080045d0       0x14 ./Drivers/STM32F4xx_HAL_Driver/Src/stm32f4xx_hal_tim_ex.o
                0x080045d0                HAL_TIMEx_CommutCallback
 .text.HAL_TIMEx_BreakCallback
                0x080045e4       0x14 ./Drivers/STM32F4xx_HAL_Driver/Src/stm32f4xx_hal_tim_ex.o
                0x080045e4                HAL_TIMEx_BreakCallback
 .text.HAL_UART_Init
                0x080045f8       0xa0 ./Drivers/STM32F4xx_HAL_Driver/Src/stm32f4xx_hal_uart.o
                0x080045f8                HAL_UART_Init
 .text.HAL_UART_Transmit_IT
                0x08004698       0x6c ./Drivers/STM32F4xx_HAL_Driver/Src/stm32f4xx_hal_uart.o
                0x08004698                HAL_UART_Transmit_IT
 .text.HAL_UART_Receive_IT
                0x08004704       0x4a ./Drivers/STM32F4xx_HAL_Driver/Src/stm32f4xx_hal_uart.o
                0x08004704                HAL_UART_Receive_IT
 *fill*         0x0800474e        0x2 
 .text.HAL_UART_IRQHandler
                0x08004750      0x554 ./Drivers/STM32F4xx_HAL_Driver/Src/stm32f4xx_hal_uart.o
                0x08004750                HAL_UART_IRQHandler
 .text.HAL_UART_ErrorCallback
                0x08004ca4       0x14 ./Drivers/STM32F4xx_HAL_Driver/Src/stm32f4xx_hal_uart.o
                0x08004ca4                HAL_UART_ErrorCallback
 .text.HAL_UARTEx_RxEventCallback
                0x08004cb8       0x18 ./Drivers/STM32F4xx_HAL_Driver/Src/stm32f4xx_hal_uart.o
                0x08004cb8                HAL_UARTEx_RxEventCallback
 .text.UART_Start_Receive_IT
                0x08004cd0       0x74 ./Drivers/STM32F4xx_HAL_Driver/Src/stm32f4xx_hal_uart.o
                0x08004cd0                UART_Start_Receive_IT
 .text.UART_EndRxTransfer
                0x08004d44       0xc6 ./Drivers/STM32F4xx_HAL_Driver/Src/stm32f4xx_hal_uart.o
 .text.UART_DMAAbortOnError
                0x08004e0a       0x22 ./Drivers/STM32F4xx_HAL_Driver/Src/stm32f4xx_hal_uart.o
 .text.UART_Transmit_IT
                0x08004e2c       0xa0 ./Drivers/STM32F4xx_HAL_Driver/Src/stm32f4xx_hal_uart.o
 .text.UART_EndTransmit_IT
                0x08004ecc       0x30 ./Drivers/STM32F4xx_HAL_Driver/Src/stm32f4xx_hal_uart.o
 .text.UART_Receive_IT
                0x08004efc      0x17c ./Drivers/STM32F4xx_HAL_Driver/Src/stm32f4xx_hal_uart.o
 .text.UART_SetConfig
                0x08005078      0x4e8 ./Drivers/STM32F4xx_HAL_Driver/Src/stm32f4xx_hal_uart.o
 .text.memset   0x08005560       0x10 C:/ST/STM32CubeIDE_1.19.0/STM32CubeIDE/plugins/com.st.stm32cube.ide.mcu.externaltools.gnu-tools-for-stm32.13.3.rel1.win32_1.0.0.202411081344/tools/bin/../lib/gcc/arm-none-eabi/13.3.1/../../../../arm-none-eabi/lib/thumb/v7e-m+fp/hard\libc_nano.a(libc_a-memset.o)
                0x08005560                memset
 .text.__libc_init_array
                0x08005570       0x48 C:/ST/STM32CubeIDE_1.19.0/STM32CubeIDE/plugins/com.st.stm32cube.ide.mcu.externaltools.gnu-tools-for-stm32.13.3.rel1.win32_1.0.0.202411081344/tools/bin/../lib/gcc/arm-none-eabi/13.3.1/../../../../arm-none-eabi/lib/thumb/v7e-m+fp/hard\libc_nano.a(libc_a-init.o)
                0x08005570                __libc_init_array
 *(.glue_7)
 .glue_7        0x080055b8        0x0 linker stubs
 *(.glue_7t)
 .glue_7t       0x080055b8        0x0 linker stubs
 *(.eh_frame)
 .eh_frame      0x080055b8        0x0 C:/ST/STM32CubeIDE_1.19.0/STM32CubeIDE/plugins/com.st.stm32cube.ide.mcu.externaltools.gnu-tools-for-stm32.13.3.rel1.win32_1.0.0.202411081344/tools/bin/../lib/gcc/arm-none-eabi/13.3.1/thumb/v7e-m+fp/hard/crtbegin.o
 *(.init)
 .init          0x080055b8        0x4 C:/ST/STM32CubeIDE_1.19.0/STM32CubeIDE/plugins/com.st.stm32cube.ide.mcu.externaltools.gnu-tools-for-stm32.13.3.rel1.win32_1.0.0.202411081344/tools/bin/../lib/gcc/arm-none-eabi/13.3.1/thumb/v7e-m+fp/hard/crti.o
                0x080055b8                _init
 .init          0x080055bc        0x8 C:/ST/STM32CubeIDE_1.19.0/STM32CubeIDE/plugins/com.st.stm32cube.ide.mcu.externaltools.gnu-tools-for-stm32.13.3.rel1.win32_1.0.0.202411081344/tools/bin/../lib/gcc/arm-none-eabi/13.3.1/thumb/v7e-m+fp/hard/crtn.o
 *(.fini)
 .fini          0x080055c4        0x4 C:/ST/STM32CubeIDE_1.19.0/STM32CubeIDE/plugins/com.st.stm32cube.ide.mcu.externaltools.gnu-tools-for-stm32.13.3.rel1.win32_1.0.0.202411081344/tools/bin/../lib/gcc/arm-none-eabi/13.3.1/thumb/v7e-m+fp/hard/crti.o
                0x080055c4                _fini
 .fini          0x080055c8        0x8 C:/ST/STM32CubeIDE_1.19.0/STM32CubeIDE/plugins/com.st.stm32cube.ide.mcu.externaltools.gnu-tools-for-stm32.13.3.rel1.win32_1.0.0.202411081344/tools/bin/../lib/gcc/arm-none-eabi/13.3.1/thumb/v7e-m+fp/hard/crtn.o
                0x080055d0                        . = ALIGN (0x4)
                0x080055d0                        _etext = .

.vfp11_veneer   0x080055d0        0x0
 .vfp11_veneer  0x080055d0        0x0 linker stubs

.v4_bx          0x080055d0        0x0
 .v4_bx         0x080055d0        0x0 linker stubs

.iplt           0x080055d0        0x0
 .iplt          0x080055d0        0x0 C:/ST/STM32CubeIDE_1.19.0/STM32CubeIDE/plugins/com.st.stm32cube.ide.mcu.externaltools.gnu-tools-for-stm32.13.3.rel1.win32_1.0.0.202411081344/tools/bin/../lib/gcc/arm-none-eabi/13.3.1/thumb/v7e-m+fp/hard/crtbegin.o

.rodata         0x080055d0       0x18
                0x080055d0                        . = ALIGN (0x4)
 *(.rodata)
 *(.rodata*)
 .rodata.AHBPrescTable
                0x080055d0       0x10 ./Core/Src/system_stm32f4xx.o
                0x080055d0                AHBPrescTable
 .rodata.APBPrescTable
                0x080055e0        0x8 ./Core/Src/system_stm32f4xx.o
                0x080055e0                APBPrescTable
                0x080055e8                        . = ALIGN (0x4)

.ARM.extab      0x080055e8        0x0
                0x080055e8                        . = ALIGN (0x4)
 *(.ARM.extab* .gnu.linkonce.armextab.*)
                0x080055e8                        . = ALIGN (0x4)

.ARM            0x080055e8        0x8
                0x080055e8                        . = ALIGN (0x4)
                0x080055e8                        __exidx_start = .
 *(.ARM.exidx*)
 .ARM.exidx     0x080055e8        0x8 C:/ST/STM32CubeIDE_1.19.0/STM32CubeIDE/plugins/com.st.stm32cube.ide.mcu.externaltools.gnu-tools-for-stm32.13.3.rel1.win32_1.0.0.202411081344/tools/bin/../lib/gcc/arm-none-eabi/13.3.1/thumb/v7e-m+fp/hard\libgcc.a(_udivmoddi4.o)
                0x080055f0                        __exidx_end = .
                0x080055f0                        . = ALIGN (0x4)

.preinit_array  0x080055f0        0x0
                0x080055f0                        . = ALIGN (0x4)
                0x080055f0                        PROVIDE (__preinit_array_start = .)
 *(.preinit_array*)
                0x080055f0                        PROVIDE (__preinit_array_end = .)
                0x080055f0                        . = ALIGN (0x4)

.init_array     0x080055f0        0x8
                0x080055f0                        . = ALIGN (0x4)
                0x080055f0                        PROVIDE (__init_array_start = .)
 *(SORT_BY_NAME(.init_array.*))
 *(.init_array*)
 .init_array    0x080055f0        0x4 C:/ST/STM32CubeIDE_1.19.0/STM32CubeIDE/plugins/com.st.stm32cube.ide.mcu.externaltools.gnu-tools-for-stm32.13.3.rel1.win32_1.0.0.202411081344/tools/bin/../lib/gcc/arm-none-eabi/13.3.1/thumb/v7e-m+fp/hard/crtbegin.o
 .init_array    0x080055f4        0x4 ./Core/Src/cpp_main.o
                0x080055f8                        PROVIDE (__init_array_end = .)
                0x080055f8                        . = ALIGN (0x4)

.fini_array     0x080055f8        0x4
                0x080055f8                        . = ALIGN (0x4)
                [!provide]                        PROVIDE (__fini_array_start = .)
 *(SORT_BY_NAME(.fini_array.*))
 *(.fini_array*)
 .fini_array    0x080055f8        0x4 C:/ST/STM32CubeIDE_1.19.0/STM32CubeIDE/plugins/com.st.stm32cube.ide.mcu.externaltools.gnu-tools-for-stm32.13.3.rel1.win32_1.0.0.202411081344/tools/bin/../lib/gcc/arm-none-eabi/13.3.1/thumb/v7e-m+fp/hard/crtbegin.o
                [!provide]                        PROVIDE (__fini_array_end = .)
                0x080055fc                        . = ALIGN (0x4)
                0x080055fc                        _sidata = LOADADDR (.data)

.rel.dyn        0x080055fc        0x0
 .rel.iplt      0x080055fc        0x0 C:/ST/STM32CubeIDE_1.19.0/STM32CubeIDE/plugins/com.st.stm32cube.ide.mcu.externaltools.gnu-tools-for-stm32.13.3.rel1.win32_1.0.0.202411081344/tools/bin/../lib/gcc/arm-none-eabi/13.3.1/thumb/v7e-m+fp/hard/crtbegin.o

.data           0x20000000       0x18 load address 0x080055fc
                0x20000000                        . = ALIGN (0x4)
                0x20000000                        _sdata = .
 *(.data)
 *(.data*)
 .data._ZL9controlDt
                0x20000000        0x4 ./Core/Src/cpp_main.o
 .data.Kp       0x20000004        0x4 ./Core/Src/cpp_main.o
                0x20000004                Kp
 .data.Ki       0x20000008        0x4 ./Core/Src/cpp_main.o
                0x20000008                Ki
 .data.SystemCoreClock
                0x2000000c        0x4 ./Core/Src/system_stm32f4xx.o
                0x2000000c                SystemCoreClock
 .data.uwTickPrio
                0x20000010        0x4 ./Drivers/STM32F4xx_HAL_Driver/Src/stm32f4xx_hal.o
                0x20000010                uwTickPrio
 .data.uwTickFreq
                0x20000014        0x1 ./Drivers/STM32F4xx_HAL_Driver/Src/stm32f4xx_hal.o
                0x20000014                uwTickFreq
 *(.RamFunc)
 *(.RamFunc*)
                0x20000018                        . = ALIGN (0x4)
 *fill*         0x20000015        0x3 
                0x20000018                        _edata = .

.igot.plt       0x20000018        0x0 load address 0x08005614
 .igot.plt      0x20000018        0x0 C:/ST/STM32CubeIDE_1.19.0/STM32CubeIDE/plugins/com.st.stm32cube.ide.mcu.externaltools.gnu-tools-for-stm32.13.3.rel1.win32_1.0.0.202411081344/tools/bin/../lib/gcc/arm-none-eabi/13.3.1/thumb/v7e-m+fp/hard/crtbegin.o
                0x20000018                        . = ALIGN (0x4)

.bss            0x20000018      0x410 load address 0x08005614
                0x20000018                        _sbss = .
                0x20000018                        __bss_start__ = _sbss
 *(.bss)
 .bss           0x20000018       0x1c C:/ST/STM32CubeIDE_1.19.0/STM32CubeIDE/plugins/com.st.stm32cube.ide.mcu.externaltools.gnu-tools-for-stm32.13.3.rel1.win32_1.0.0.202411081344/tools/bin/../lib/gcc/arm-none-eabi/13.3.1/thumb/v7e-m+fp/hard/crtbegin.o
 *(.bss*)
 .bss.rxByte    0x20000034        0x1 ./Core/Src/cpp_main.o
                0x20000034                rxByte
 *fill*         0x20000035        0x3 
 .bss.framePayload
                0x20000038        0x3 ./Core/Src/cpp_main.o
                0x20000038                framePayload
 .bss.frameIndex
                0x2000003b        0x1 ./Core/Src/cpp_main.o
                0x2000003b                frameIndex
 .bss.frameState
                0x2000003c        0x1 ./Core/Src/cpp_main.o
                0x2000003c                frameState
 .bss.frameReady
                0x2000003d        0x1 ./Core/Src/cpp_main.o
                0x2000003d                frameReady
 *fill*         0x2000003e        0x2 
 .bss.lastValidFrameTick
                0x20000040        0x4 ./Core/Src/cpp_main.o
                0x20000040                lastValidFrameTick
 .bss.controlUpdate
                0x20000044        0x1 ./Core/Src/cpp_main.o
                0x20000044                controlUpdate
 .bss.telemetryUpdate
                0x20000045        0x1 ./Core/Src/cpp_main.o
                0x20000045                telemetryUpdate
 *fill*         0x20000046        0x2 
 .bss._ZL12speedSamples
                0x20000048       0x30 ./Core/Src/cpp_main.o
 .bss._ZL22speedFilterInitialized
                0x20000078        0x4 ./Core/Src/cpp_main.o
 .bss.Kd        0x2000007c        0x4 ./Core/Src/cpp_main.o
                0x2000007c                Kd
 .bss.motion    0x20000080        0x6 ./Core/Src/cpp_main.o
                0x20000080                motion
 *fill*         0x20000086        0x2 
 .bss.pendingMotion
                0x20000088        0x6 ./Core/Src/cpp_main.o
                0x20000088                pendingMotion
 *fill*         0x2000008e        0x2 
 .bss.motors    0x20000090       0x60 ./Core/Src/cpp_main.o
                0x20000090                motors
 .bss.encoders  0x200000f0       0x30 ./Core/Src/cpp_main.o
                0x200000f0                encoders
 .bss.pidControllers
                0x20000120       0xb0 ./Core/Src/cpp_main.o
                0x20000120                pidControllers
 .bss._ZZ29HAL_TIM_PeriodElapsedCallbackE11cycleNumber
                0x200001d0        0x2 ./Core/Src/cpp_main.o
 .bss._ZZ23HAL_UART_RxCpltCallbackE8checksum
                0x200001d2        0x1 ./Core/Src/cpp_main.o
 .bss.txBusy    0x200001d3        0x1 ./Core/Src/cpp_main.o
                0x200001d3                txBusy
 .bss.txBuff    0x200001d4        0xe ./Core/Src/cpp_main.o
                0x200001d4                txBuff
 *fill*         0x200001e2        0x2 
 .bss.htim1     0x200001e4       0x48 ./Core/Src/main.o
                0x200001e4                htim1
 .bss.htim2     0x2000022c       0x48 ./Core/Src/main.o
                0x2000022c                htim2
 .bss.htim3     0x20000274       0x48 ./Core/Src/main.o
                0x20000274                htim3
 .bss.htim4     0x200002bc       0x48 ./Core/Src/main.o
                0x200002bc                htim4
 .bss.htim5     0x20000304       0x48 ./Core/Src/main.o
                0x20000304                htim5
 .bss.htim9     0x2000034c       0x48 ./Core/Src/main.o
                0x2000034c                htim9
 .bss.htim10    0x20000394       0x48 ./Core/Src/main.o
                0x20000394                htim10
 .bss.huart2    0x200003dc       0x48 ./Core/Src/main.o
                0x200003dc                huart2
 .bss.uwTick    0x20000424        0x4 ./Drivers/STM32F4xx_HAL_Driver/Src/stm32f4xx_hal.o
                0x20000424                uwTick
 *(COMMON)
                0x20000428                        . = ALIGN (0x4)
                0x20000428                        _ebss = .
                0x20000428                        __bss_end__ = _ebss

._user_heap_stack
                0x20000428      0x600 load address 0x08005614
                0x20000428                        . = ALIGN (0x8)
                [!provide]                        PROVIDE (end = .)
                0x20000428                        PROVIDE (_end = .)
                0x20000628                        . = (. + _Min_Heap_Size)
 *fill*         0x20000428      0x200 
                0x20000a28                        . = (. + _Min_Stack_Size)
 *fill*         0x20000628      0x400 
                0x20000a28                        . = ALIGN (0x8)

/DISCARD/
 libc.a(*)
 libm.a(*)
 libgcc.a(*)

.ARM.attributes
                0x00000000       0x30
 *(.ARM.attributes)
 .ARM.attributes
                0x00000000       0x22 C:/ST/STM32CubeIDE_1.19.0/STM32CubeIDE/plugins/com.st.stm32cube.ide.mcu.externaltools.gnu-tools-for-stm32.13.3.rel1.win32_1.0.0.202411081344/tools/bin/../lib/gcc/arm-none-eabi/13.3.1/thumb/v7e-m+fp/hard/crti.o
 .ARM.attributes
                0x00000022       0x34 C:/ST/STM32CubeIDE_1.19.0/STM32CubeIDE/plugins/com.st.stm32cube.ide.mcu.externaltools.gnu-tools-for-stm32.13.3.rel1.win32_1.0.0.202411081344/tools/bin/../lib/gcc/arm-none-eabi/13.3.1/thumb/v7e-m+fp/hard/crtbegin.o
 .ARM.attributes
                0x00000056       0x34 ./Core/Src/cpp_main.o
 .ARM.attributes
                0x0000008a       0x34 ./Core/Src/encoder.o
 .ARM.attributes
                0x000000be       0x34 ./Core/Src/main.o
 .ARM.attributes
                0x000000f2       0x34 ./Core/Src/motor.o
 .ARM.attributes
                0x00000126       0x34 ./Core/Src/pid_controller.o
 .ARM.attributes
                0x0000015a       0x34 ./Core/Src/stm32f4xx_hal_msp.o
 .ARM.attributes
                0x0000018e       0x34 ./Core/Src/stm32f4xx_it.o
 .ARM.attributes
                0x000001c2       0x34 ./Core/Src/system_stm32f4xx.o
 .ARM.attributes
                0x000001f6       0x21 ./Core/Startup/startup_stm32f401ccux.o
 .ARM.attributes
                0x00000217       0x34 ./Drivers/STM32F4xx_HAL_Driver/Src/stm32f4xx_hal.o
 .ARM.attributes
                0x0000024b       0x34 ./Drivers/STM32F4xx_HAL_Driver/Src/stm32f4xx_hal_cortex.o
 .ARM.attributes
                0x0000027f       0x34 ./Drivers/STM32F4xx_HAL_Driver/Src/stm32f4xx_hal_dma.o
 .ARM.attributes
                0x000002b3       0x34 ./Drivers/STM32F4xx_HAL_Driver/Src/stm32f4xx_hal_gpio.o
 .ARM.attributes
                0x000002e7       0x34 ./Drivers/STM32F4xx_HAL_Driver/Src/stm32f4xx_hal_rcc.o
 .ARM.attributes
                0x0000031b       0x34 ./Drivers/STM32F4xx_HAL_Driver/Src/stm32f4xx_hal_tim.o
 .ARM.attributes
                0x0000034f       0x34 ./Drivers/STM32F4xx_HAL_Driver/Src/stm32f4xx_hal_tim_ex.o
 .ARM.attributes
                0x00000383       0x34 ./Drivers/STM32F4xx_HAL_Driver/Src/stm32f4xx_hal_uart.o
 .ARM.attributes
                0x000003b7       0x34 C:/ST/STM32CubeIDE_1.19.0/STM32CubeIDE/plugins/com.st.stm32cube.ide.mcu.externaltools.gnu-tools-for-stm32.13.3.rel1.win32_1.0.0.202411081344/tools/bin/../lib/gcc/arm-none-eabi/13.3.1/../../../../arm-none-eabi/lib/thumb/v7e-m+fp/hard\libc_nano.a(libc_a-memset.o)
 .ARM.attributes
                0x000003eb       0x34 C:/ST/STM32CubeIDE_1.19.0/STM32CubeIDE/plugins/com.st.stm32cube.ide.mcu.externaltools.gnu-tools-for-stm32.13.3.rel1.win32_1.0.0.202411081344/tools/bin/../lib/gcc/arm-none-eabi/13.3.1/../../../../arm-none-eabi/lib/thumb/v7e-m+fp/hard\libc_nano.a(libc_a-init.o)
 .ARM.attributes
                0x0000041f       0x22 C:/ST/STM32CubeIDE_1.19.0/STM32CubeIDE/plugins/com.st.stm32cube.ide.mcu.externaltools.gnu-tools-for-stm32.13.3.rel1.win32_1.0.0.202411081344/tools/bin/../lib/gcc/arm-none-eabi/13.3.1/thumb/v7e-m+fp/hard\libgcc.a(_aeabi_uldivmod.o)
 .ARM.attributes
                0x00000441       0x34 C:/ST/STM32CubeIDE_1.19.0/STM32CubeIDE/plugins/com.st.stm32cube.ide.mcu.externaltools.gnu-tools-for-stm32.13.3.rel1.win32_1.0.0.202411081344/tools/bin/../lib/gcc/arm-none-eabi/13.3.1/thumb/v7e-m+fp/hard\libgcc.a(_udivmoddi4.o)
 .ARM.attributes
                0x00000475       0x22 C:/ST/STM32CubeIDE_1.19.0/STM32CubeIDE/plugins/com.st.stm32cube.ide.mcu.externaltools.gnu-tools-for-stm32.13.3.rel1.win32_1.0.0.202411081344/tools/bin/../lib/gcc/arm-none-eabi/13.3.1/thumb/v7e-m+fp/hard\libgcc.a(_dvmd_tls.o)
 .ARM.attributes
                0x00000497       0x22 C:/ST/STM32CubeIDE_1.19.0/STM32CubeIDE/plugins/com.st.stm32cube.ide.mcu.externaltools.gnu-tools-for-stm32.13.3.rel1.win32_1.0.0.202411081344/tools/bin/../lib/gcc/arm-none-eabi/13.3.1/thumb/v7e-m+fp/hard/crtn.o
OUTPUT(Bucket.elf elf32-littlearm)
LOAD linker stubs
LOAD C:/ST/STM32CubeIDE_1.19.0/STM32CubeIDE/plugins/com.st.stm32cube.ide.mcu.externaltools.gnu-tools-for-stm32.13.3.rel1.win32_1.0.0.202411081344/tools/bin/../lib/gcc/arm-none-eabi/13.3.1/../../../../arm-none-eabi/lib/thumb/v7e-m+fp/hard\libc.a
LOAD C:/ST/STM32CubeIDE_1.19.0/STM32CubeIDE/plugins/com.st.stm32cube.ide.mcu.externaltools.gnu-tools-for-stm32.13.3.rel1.win32_1.0.0.202411081344/tools/bin/../lib/gcc/arm-none-eabi/13.3.1/../../../../arm-none-eabi/lib/thumb/v7e-m+fp/hard\libm.a
LOAD C:/ST/STM32CubeIDE_1.19.0/STM32CubeIDE/plugins/com.st.stm32cube.ide.mcu.externaltools.gnu-tools-for-stm32.13.3.rel1.win32_1.0.0.202411081344/tools/bin/../lib/gcc/arm-none-eabi/13.3.1/thumb/v7e-m+fp/hard\libgcc.a

.debug_info     0x00000000    0x10125
 .debug_info    0x00000000     0x18f7 ./Core/Src/cpp_main.o
 .debug_info    0x000018f7      0x8d8 ./Core/Src/encoder.o
 .debug_info    0x000021cf     0x1401 ./Core/Src/main.o
 .debug_info    0x000035d0      0xa5e ./Core/Src/motor.o
 .debug_info    0x0000402e      0x50f ./Core/Src/pid_controller.o
 .debug_info    0x0000453d     0x1096 ./Core/Src/stm32f4xx_hal_msp.o
 .debug_info    0x000055d3      0x98f ./Core/Src/stm32f4xx_it.o
 .debug_info    0x00005f62      0x53e ./Core/Src/system_stm32f4xx.o
 .debug_info    0x000064a0       0x30 ./Core/Startup/startup_stm32f401ccux.o
 .debug_info    0x000064d0      0x8bb ./Drivers/STM32F4xx_HAL_Driver/Src/stm32f4xx_hal.o
 .debug_info    0x00006d8b      0xcf6 ./Drivers/STM32F4xx_HAL_Driver/Src/stm32f4xx_hal_cortex.o
 .debug_info    0x00007a81      0x8e6 ./Drivers/STM32F4xx_HAL_Driver/Src/stm32f4xx_hal_dma.o
 .debug_info    0x00008367      0x6f9 ./Drivers/STM32F4xx_HAL_Driver/Src/stm32f4xx_hal_gpio.o
 .debug_info    0x00008a60      0x905 ./Drivers/STM32F4xx_HAL_Driver/Src/stm32f4xx_hal_rcc.o
 .debug_info    0x00009365     0x2996 ./Drivers/STM32F4xx_HAL_Driver/Src/stm32f4xx_hal_tim.o
 .debug_info    0x0000bcfb     0x14d4 ./Drivers/STM32F4xx_HAL_Driver/Src/stm32f4xx_hal_tim_ex.o
 .debug_info    0x0000d1cf     0x2f56 ./Drivers/STM32F4xx_HAL_Driver/Src/stm32f4xx_hal_uart.o

.debug_abbrev   0x00000000     0x2776
 .debug_abbrev  0x00000000      0x4bf ./Core/Src/cpp_main.o
 .debug_abbrev  0x000004bf      0x246 ./Core/Src/encoder.o
 .debug_abbrev  0x00000705      0x29b ./Core/Src/main.o
 .debug_abbrev  0x000009a0      0x28f ./Core/Src/motor.o
 .debug_abbrev  0x00000c2f      0x1d2 ./Core/Src/pid_controller.o
 .debug_abbrev  0x00000e01      0x23a ./Core/Src/stm32f4xx_hal_msp.o
 .debug_abbrev  0x0000103b      0x1af ./Core/Src/stm32f4xx_it.o
 .debug_abbrev  0x000011ea      0x11a ./Core/Src/system_stm32f4xx.o
 .debug_abbrev  0x00001304       0x24 ./Core/Startup/startup_stm32f401ccux.o
 .debug_abbrev  0x00001328      0x24b ./Drivers/STM32F4xx_HAL_Driver/Src/stm32f4xx_hal.o
 .debug_abbrev  0x00001573      0x31d ./Drivers/STM32F4xx_HAL_Driver/Src/stm32f4xx_hal_cortex.o
 .debug_abbrev  0x00001890      0x221 ./Drivers/STM32F4xx_HAL_Driver/Src/stm32f4xx_hal_dma.o
 .debug_abbrev  0x00001ab1      0x1d3 ./Drivers/STM32F4xx_HAL_Driver/Src/stm32f4xx_hal_gpio.o
 .debug_abbrev  0x00001c84      0x2b6 ./Drivers/STM32F4xx_HAL_Driver/Src/stm32f4xx_hal_rcc.o
 .debug_abbrev  0x00001f3a      0x28b ./Drivers/STM32F4xx_HAL_Driver/Src/stm32f4xx_hal_tim.o
 .debug_abbrev  0x000021c5      0x296 ./Drivers/STM32F4xx_HAL_Driver/Src/stm32f4xx_hal_tim_ex.o
 .debug_abbrev  0x0000245b      0x31b ./Drivers/STM32F4xx_HAL_Driver/Src/stm32f4xx_hal_uart.o

.debug_aranges  0x00000000      0xdd8
 .debug_aranges
                0x00000000       0x98 ./Core/Src/cpp_main.o
 .debug_aranges
                0x00000098       0x40 ./Core/Src/encoder.o
 .debug_aranges
                0x000000d8       0x78 ./Core/Src/main.o
 .debug_aranges
                0x00000150       0x40 ./Core/Src/motor.o
 .debug_aranges
                0x00000190       0x60 ./Core/Src/pid_controller.o
 .debug_aranges
                0x000001f0       0x58 ./Core/Src/stm32f4xx_hal_msp.o
 .debug_aranges
                0x00000248       0x70 ./Core/Src/stm32f4xx_it.o
 .debug_aranges
                0x000002b8       0x28 ./Core/Src/system_stm32f4xx.o
 .debug_aranges
                0x000002e0       0x28 ./Core/Startup/startup_stm32f401ccux.o
 .debug_aranges
                0x00000308       0xf0 ./Drivers/STM32F4xx_HAL_Driver/Src/stm32f4xx_hal.o
 .debug_aranges
                0x000003f8      0x130 ./Drivers/STM32F4xx_HAL_Driver/Src/stm32f4xx_hal_cortex.o
 .debug_aranges
                0x00000528       0x90 ./Drivers/STM32F4xx_HAL_Driver/Src/stm32f4xx_hal_dma.o
 .debug_aranges
                0x000005b8       0x58 ./Drivers/STM32F4xx_HAL_Driver/Src/stm32f4xx_hal_gpio.o
 .debug_aranges
                0x00000610       0x88 ./Drivers/STM32F4xx_HAL_Driver/Src/stm32f4xx_hal_rcc.o
 .debug_aranges
                0x00000698      0x3d0 ./Drivers/STM32F4xx_HAL_Driver/Src/stm32f4xx_hal_tim.o
 .debug_aranges
                0x00000a68      0x168 ./Drivers/STM32F4xx_HAL_Driver/Src/stm32f4xx_hal_tim_ex.o
 .debug_aranges
                0x00000bd0      0x208 ./Drivers/STM32F4xx_HAL_Driver/Src/stm32f4xx_hal_uart.o

.debug_rnglists
                0x00000000      0xacf
 .debug_rnglists
                0x00000000       0x74 ./Core/Src/cpp_main.o
 .debug_rnglists
                0x00000074       0x2c ./Core/Src/encoder.o
 .debug_rnglists
                0x000000a0       0x5c ./Core/Src/main.o
 .debug_rnglists
                0x000000fc       0x2d ./Core/Src/motor.o
 .debug_rnglists
                0x00000129       0x44 ./Core/Src/pid_controller.o
 .debug_rnglists
                0x0000016d       0x41 ./Core/Src/stm32f4xx_hal_msp.o
 .debug_rnglists
                0x000001ae       0x4f ./Core/Src/stm32f4xx_it.o
 .debug_rnglists
                0x000001fd       0x1a ./Core/Src/system_stm32f4xx.o
 .debug_rnglists
                0x00000217       0x19 ./Core/Startup/startup_stm32f401ccux.o
 .debug_rnglists
                0x00000230       0xaf ./Drivers/STM32F4xx_HAL_Driver/Src/stm32f4xx_hal.o
 .debug_rnglists
                0x000002df       0xe0 ./Drivers/STM32F4xx_HAL_Driver/Src/stm32f4xx_hal_cortex.o
 .debug_rnglists
                0x000003bf       0x70 ./Drivers/STM32F4xx_HAL_Driver/Src/stm32f4xx_hal_dma.o
 .debug_rnglists
                0x0000042f       0x3f ./Drivers/STM32F4xx_HAL_Driver/Src/stm32f4xx_hal_gpio.o
 .debug_rnglists
                0x0000046e       0x66 ./Drivers/STM32F4xx_HAL_Driver/Src/stm32f4xx_hal_rcc.o
 .debug_rnglists
                0x000004d4      0x31a ./Drivers/STM32F4xx_HAL_Driver/Src/stm32f4xx_hal_tim.o
 .debug_rnglists
                0x000007ee      0x125 ./Drivers/STM32F4xx_HAL_Driver/Src/stm32f4xx_hal_tim_ex.o
 .debug_rnglists
                0x00000913      0x1bc ./Drivers/STM32F4xx_HAL_Driver/Src/stm32f4xx_hal_uart.o

.debug_macro    0x00000000    0x17b46
 .debug_macro   0x00000000      0x240 ./Core/Src/cpp_main.o
 .debug_macro   0x00000240      0xbb0 ./Core/Src/cpp_main.o
 .debug_macro   0x00000df0      0x29b ./Core/Src/cpp_main.o
 .debug_macro   0x0000108b       0x2e ./Core/Src/cpp_main.o
 .debug_macro   0x000010b9       0x28 ./Core/Src/cpp_main.o
 .debug_macro   0x000010e1       0x1c ./Core/Src/cpp_main.o
 .debug_macro   0x000010fd       0x22 ./Core/Src/cpp_main.o
 .debug_macro   0x0000111f       0x8e ./Core/Src/cpp_main.o
 .debug_macro   0x000011ad       0x51 ./Core/Src/cpp_main.o
 .debug_macro   0x000011fe      0x103 ./Core/Src/cpp_main.o
 .debug_macro   0x00001301       0x6a ./Core/Src/cpp_main.o
 .debug_macro   0x0000136b      0x1df ./Core/Src/cpp_main.o
 .debug_macro   0x0000154a       0x1c ./Core/Src/cpp_main.o
 .debug_macro   0x00001566       0x22 ./Core/Src/cpp_main.o
 .debug_macro   0x00001588       0xfb ./Core/Src/cpp_main.o
 .debug_macro   0x00001683     0x1011 ./Core/Src/cpp_main.o
 .debug_macro   0x00002694      0x11f ./Core/Src/cpp_main.o
 .debug_macro   0x000027b3     0xb881 ./Core/Src/cpp_main.o
 .debug_macro   0x0000e034       0x6d ./Core/Src/cpp_main.o
 .debug_macro   0x0000e0a1     0x3693 ./Core/Src/cpp_main.o
 .debug_macro   0x00011734      0x197 ./Core/Src/cpp_main.o
 .debug_macro   0x000118cb       0x5c ./Core/Src/cpp_main.o
 .debug_macro   0x00011927      0x416 ./Core/Src/cpp_main.o
 .debug_macro   0x00011d3d      0x9e9 ./Core/Src/cpp_main.o
 .debug_macro   0x00012726      0x115 ./Core/Src/cpp_main.o
 .debug_macro   0x0001283b       0xf8 ./Core/Src/cpp_main.o
 .debug_macro   0x00012933       0xa5 ./Core/Src/cpp_main.o
 .debug_macro   0x000129d8      0x15f ./Core/Src/cpp_main.o
 .debug_macro   0x00012b37      0x287 ./Core/Src/cpp_main.o
 .debug_macro   0x00012dbe       0x5f ./Core/Src/cpp_main.o
 .debug_macro   0x00012e1d      0x236 ./Core/Src/cpp_main.o
 .debug_macro   0x00013053      0x132 ./Core/Src/cpp_main.o
 .debug_macro   0x00013185      0x23a ./Core/Src/cpp_main.o
 .debug_macro   0x000133bf       0x2e ./Core/Src/cpp_main.o
 .debug_macro   0x000133ed      0x127 ./Core/Src/cpp_main.o
 .debug_macro   0x00013514       0x85 ./Core/Src/cpp_main.o
 .debug_macro   0x00013599       0x89 ./Core/Src/cpp_main.o
 .debug_macro   0x00013622      0x8ed ./Core/Src/cpp_main.o
 .debug_macro   0x00013f0f       0x47 ./Core/Src/cpp_main.o
 .debug_macro   0x00013f56      0x2aa ./Core/Src/cpp_main.o
 .debug_macro   0x00014200      0x126 ./Core/Src/cpp_main.o
 .debug_macro   0x00014326      0x100 ./Core/Src/cpp_main.o
 .debug_macro   0x00014426      0x1dd ./Core/Src/encoder.o
 .debug_macro   0x00014603      0x1e7 ./Core/Src/main.o
 .debug_macro   0x000147ea      0xad8 ./Core/Src/main.o
 .debug_macro   0x000152c2     0x1011 ./Core/Src/main.o
 .debug_macro   0x000162d3      0x190 ./Core/Src/main.o
 .debug_macro   0x00016463      0x1dd ./Core/Src/motor.o
 .debug_macro   0x00016640       0x72 ./Core/Src/pid_controller.o
 .debug_macro   0x000166b2      0x1dd ./Core/Src/stm32f4xx_hal_msp.o
 .debug_macro   0x0001688f      0x1e7 ./Core/Src/stm32f4xx_it.o
 .debug_macro   0x00016a76      0x1ce ./Core/Src/system_stm32f4xx.o
 .debug_macro   0x00016c44      0x22e ./Drivers/STM32F4xx_HAL_Driver/Src/stm32f4xx_hal.o
 .debug_macro   0x00016e72      0x1ce ./Drivers/STM32F4xx_HAL_Driver/Src/stm32f4xx_hal_cortex.o
 .debug_macro   0x00017040      0x1d4 ./Drivers/STM32F4xx_HAL_Driver/Src/stm32f4xx_hal_dma.o
 .debug_macro   0x00017214      0x1d4 ./Drivers/STM32F4xx_HAL_Driver/Src/stm32f4xx_hal_gpio.o
 .debug_macro   0x000173e8      0x1f2 ./Drivers/STM32F4xx_HAL_Driver/Src/stm32f4xx_hal_rcc.o
 .debug_macro   0x000175da      0x1cf ./Drivers/STM32F4xx_HAL_Driver/Src/stm32f4xx_hal_tim.o
 .debug_macro   0x000177a9      0x1ce ./Drivers/STM32F4xx_HAL_Driver/Src/stm32f4xx_hal_tim_ex.o
 .debug_macro   0x00017977      0x1cf ./Drivers/STM32F4xx_HAL_Driver/Src/stm32f4xx_hal_uart.o

.debug_line     0x00000000     0xfcc3
 .debug_line    0x00000000      0xda7 ./Core/Src/cpp_main.o
 .debug_line    0x00000da7      0x7e0 ./Core/Src/encoder.o
 .debug_line    0x00001587      0xb31 ./Core/Src/main.o
 .debug_line    0x000020b8      0x819 ./Core/Src/motor.o
 .debug_line    0x000028d1      0x5b4 ./Core/Src/pid_controller.o
 .debug_line    0x00002e85      0x93b ./Core/Src/stm32f4xx_hal_msp.o
 .debug_line    0x000037c0      0x826 ./Core/Src/stm32f4xx_it.o
 .debug_line    0x00003fe6      0x7bc ./Core/Src/system_stm32f4xx.o
 .debug_line    0x000047a2       0x7a ./Core/Startup/startup_stm32f401ccux.o
 .debug_line    0x0000481c      0xa38 ./Drivers/STM32F4xx_HAL_Driver/Src/stm32f4xx_hal.o
 .debug_line    0x00005254      0xd08 ./Drivers/STM32F4xx_HAL_Driver/Src/stm32f4xx_hal_cortex.o
 .debug_line    0x00005f5c      0xfa4 ./Drivers/STM32F4xx_HAL_Driver/Src/stm32f4xx_hal_dma.o
 .debug_line    0x00006f00      0xb54 ./Drivers/STM32F4xx_HAL_Driver/Src/stm32f4xx_hal_gpio.o
 .debug_line    0x00007a54      0xe45 ./Drivers/STM32F4xx_HAL_Driver/Src/stm32f4xx_hal_rcc.o
 .debug_line    0x00008899     0x3577 ./Drivers/STM32F4xx_HAL_Driver/Src/stm32f4xx_hal_tim.o
 .debug_line    0x0000be10     0x1933 ./Drivers/STM32F4xx_HAL_Driver/Src/stm32f4xx_hal_tim_ex.o
 .debug_line    0x0000d743     0x2580 ./Drivers/STM32F4xx_HAL_Driver/Src/stm32f4xx_hal_uart.o

.debug_str      0x00000000    0x8b216
 .debug_str     0x00000000    0x8b216 ./Core/Src/cpp_main.o
                              0x8818e (size before relaxing)
 .debug_str     0x0008b216    0x87005 ./Core/Src/encoder.o
 .debug_str     0x0008b216    0x876c1 ./Core/Src/main.o
 .debug_str     0x0008b216    0x870fd ./Core/Src/motor.o
 .debug_str     0x0008b216     0x44af ./Core/Src/pid_controller.o
 .debug_str     0x0008b216    0x875b3 ./Core/Src/stm32f4xx_hal_msp.o
 .debug_str     0x0008b216    0x87091 ./Core/Src/stm32f4xx_it.o
 .debug_str     0x0008b216    0x8658a ./Core/Src/system_stm32f4xx.o
 .debug_str     0x0008b216       0x79 ./Core/Startup/startup_stm32f401ccux.o
 .debug_str     0x0008b216    0x86fac ./Drivers/STM32F4xx_HAL_Driver/Src/stm32f4xx_hal.o
 .debug_str     0x0008b216    0x86d16 ./Drivers/STM32F4xx_HAL_Driver/Src/stm32f4xx_hal_cortex.o
 .debug_str     0x0008b216    0x86992 ./Drivers/STM32F4xx_HAL_Driver/Src/stm32f4xx_hal_dma.o
 .debug_str     0x0008b216    0x86705 ./Drivers/STM32F4xx_HAL_Driver/Src/stm32f4xx_hal_gpio.o
 .debug_str     0x0008b216    0x869be ./Drivers/STM32F4xx_HAL_Driver/Src/stm32f4xx_hal_rcc.o
 .debug_str     0x0008b216    0x87902 ./Drivers/STM32F4xx_HAL_Driver/Src/stm32f4xx_hal_tim.o
 .debug_str     0x0008b216    0x8710e ./Drivers/STM32F4xx_HAL_Driver/Src/stm32f4xx_hal_tim_ex.o
 .debug_str     0x0008b216    0x86f8d ./Drivers/STM32F4xx_HAL_Driver/Src/stm32f4xx_hal_uart.o

.comment        0x00000000       0x43
 .comment       0x00000000       0x43 ./Core/Src/cpp_main.o
                                 0x44 (size before relaxing)
 .comment       0x00000043       0x44 ./Core/Src/encoder.o
 .comment       0x00000043       0x44 ./Core/Src/main.o
 .comment       0x00000043       0x44 ./Core/Src/motor.o
 .comment       0x00000043       0x44 ./Core/Src/pid_controller.o
 .comment       0x00000043       0x44 ./Core/Src/stm32f4xx_hal_msp.o
 .comment       0x00000043       0x44 ./Core/Src/stm32f4xx_it.o
 .comment       0x00000043       0x44 ./Core/Src/system_stm32f4xx.o
 .comment       0x00000043       0x44 ./Drivers/STM32F4xx_HAL_Driver/Src/stm32f4xx_hal.o
 .comment       0x00000043       0x44 ./Drivers/STM32F4xx_HAL_Driver/Src/stm32f4xx_hal_cortex.o
 .comment       0x00000043       0x44 ./Drivers/STM32F4xx_HAL_Driver/Src/stm32f4xx_hal_dma.o
 .comment       0x00000043       0x44 ./Drivers/STM32F4xx_HAL_Driver/Src/stm32f4xx_hal_gpio.o
 .comment       0x00000043       0x44 ./Drivers/STM32F4xx_HAL_Driver/Src/stm32f4xx_hal_rcc.o
 .comment       0x00000043       0x44 ./Drivers/STM32F4xx_HAL_Driver/Src/stm32f4xx_hal_tim.o
 .comment       0x00000043       0x44 ./Drivers/STM32F4xx_HAL_Driver/Src/stm32f4xx_hal_tim_ex.o
 .comment       0x00000043       0x44 ./Drivers/STM32F4xx_HAL_Driver/Src/stm32f4xx_hal_uart.o

.debug_frame    0x00000000     0x39f0
 .debug_frame   0x00000000      0x268 ./Core/Src/cpp_main.o
 .debug_frame   0x00000268       0xe4 ./Core/Src/encoder.o
 .debug_frame   0x0000034c      0x19c ./Core/Src/main.o
 .debug_frame   0x000004e8       0xcc ./Core/Src/motor.o
 .debug_frame   0x000005b4      0x174 ./Core/Src/pid_controller.o
 .debug_frame   0x00000728      0x138 ./Core/Src/stm32f4xx_hal_msp.o
 .debug_frame   0x00000860      0x13c ./Core/Src/stm32f4xx_it.o
 .debug_frame   0x0000099c       0x58 ./Core/Src/system_stm32f4xx.o
 .debug_frame   0x000009f4      0x374 ./Drivers/STM32F4xx_HAL_Driver/Src/stm32f4xx_hal.o
 .debug_frame   0x00000d68      0x508 ./Drivers/STM32F4xx_HAL_Driver/Src/stm32f4xx_hal_cortex.o
 .debug_frame   0x00001270      0x250 ./Drivers/STM32F4xx_HAL_Driver/Src/stm32f4xx_hal_dma.o
 .debug_frame   0x000014c0      0x14c ./Drivers/STM32F4xx_HAL_Driver/Src/stm32f4xx_hal_gpio.o
 .debug_frame   0x0000160c      0x1f4 ./Drivers/STM32F4xx_HAL_Driver/Src/stm32f4xx_hal_rcc.o
 .debug_frame   0x00001800     0x11b8 ./Drivers/STM32F4xx_HAL_Driver/Src/stm32f4xx_hal_tim.o
 .debug_frame   0x000029b8      0x638 ./Drivers/STM32F4xx_HAL_Driver/Src/stm32f4xx_hal_tim_ex.o
 .debug_frame   0x00002ff0      0x954 ./Drivers/STM32F4xx_HAL_Driver/Src/stm32f4xx_hal_uart.o
 .debug_frame   0x00003944       0x20 C:/ST/STM32CubeIDE_1.19.0/STM32CubeIDE/plugins/com.st.stm32cube.ide.mcu.externaltools.gnu-tools-for-stm32.13.3.rel1.win32_1.0.0.202411081344/tools/bin/../lib/gcc/arm-none-eabi/13.3.1/../../../../arm-none-eabi/lib/thumb/v7e-m+fp/hard\libc_nano.a(libc_a-memset.o)
 .debug_frame   0x00003964       0x2c C:/ST/STM32CubeIDE_1.19.0/STM32CubeIDE/plugins/com.st.stm32cube.ide.mcu.externaltools.gnu-tools-for-stm32.13.3.rel1.win32_1.0.0.202411081344/tools/bin/../lib/gcc/arm-none-eabi/13.3.1/../../../../arm-none-eabi/lib/thumb/v7e-m+fp/hard\libc_nano.a(libc_a-init.o)
 .debug_frame   0x00003990       0x2c C:/ST/STM32CubeIDE_1.19.0/STM32CubeIDE/plugins/com.st.stm32cube.ide.mcu.externaltools.gnu-tools-for-stm32.13.3.rel1.win32_1.0.0.202411081344/tools/bin/../lib/gcc/arm-none-eabi/13.3.1/thumb/v7e-m+fp/hard\libgcc.a(_aeabi_uldivmod.o)
 .debug_frame   0x000039bc       0x34 C:/ST/STM32CubeIDE_1.19.0/STM32CubeIDE/plugins/com.st.stm32cube.ide.mcu.externaltools.gnu-tools-for-stm32.13.3.rel1.win32_1.0.0.202411081344/tools/bin/../lib/gcc/arm-none-eabi/13.3.1/thumb/v7e-m+fp/hard\libgcc.a(_udivmoddi4.o)

.debug_line_str
                0x00000000       0x5d
 .debug_line_str
                0x00000000       0x5d ./Core/Startup/startup_stm32f401ccux.o
