../Core/Src/cpp_main.cpp:131:6:void swapValues(float&, float&)	24	static
../Core/Src/cpp_main.cpp:137:7:float medianOfThree(float, float, float)	24	static
../Core/Src/cpp_main.cpp:147:7:float filterMeasuredSpeed(uint8_t, float)	16	static
../Core/Src/cpp_main.cpp:166:6:void resetSpeedFilter(uint8_t)	16	static
../Core/Src/cpp_main.cpp:173:7:float clampValue(float, float, float)	24	static
../Core/Src/cpp_main.cpp:182:6:void applyMotorSpeed(Motor&, int16_t)	16	static
../Core/Src/cpp_main.cpp:196:6:void applyMotion()	80	static
../Core/Src/cpp_main.cpp:243:17:void HAL_TIM_PeriodElapsedCallback(TIM_HandleTypeDef*)	16	static
../Core/Src/cpp_main.cpp:252:6:void HAL_UART_RxCpltCallback(UART_HandleTypeDef*)	24	static
../Core/Src/cpp_main.cpp:296:6:void cpp_main()	24	static,ignoring_inline_asm
../Core/Inc/pid_controller.hpp:7:3:T clampValue(T, T, T) [with T = short int]	16	static
../Core/Src/cpp_main.cpp:378:1:void __static_initialization_and_destruction_0()	32	static
../Core/Src/cpp_main.cpp:378:1:cpp)	8	static
