../Core/Src/cpp_main.cpp:136:6:void swapValues(float&, float&)	24	static
../Core/Src/cpp_main.cpp:143:7:float medianOfThree(float, float, float)	24	static
../Core/Src/cpp_main.cpp:154:7:float filterMeasuredSpeed(uint8_t, float)	16	static
../Core/Src/cpp_main.cpp:174:6:void resetSpeedFilter(uint8_t)	16	static
../Core/Src/cpp_main.cpp:184:7:float clampValue(float, float, float)	24	static
../Core/Src/cpp_main.cpp:193:6:void applyMotorSpeed(Motor&, int16_t)	16	static
../Core/Src/cpp_main.cpp:207:6:void applyMotion()	80	static
../Core/Src/cpp_main.cpp:254:17:void HAL_TIM_PeriodElapsedCallback(TIM_HandleTypeDef*)	16	static
../Core/Src/cpp_main.cpp:280:6:void HAL_UART_RxCpltCallback(UART_HandleTypeDef*)	24	static
../Core/Src/cpp_main.cpp:340:21:sendTelemetryFrame()::<lambda(int16_t)>	16	static
../Core/Src/cpp_main.cpp:326:6:void sendTelemetryFrame()	24	static
../Core/Src/cpp_main.cpp:366:6:void HAL_UART_TxCpltCallback(UART_HandleTypeDef*)	16	static
../Core/Src/cpp_main.cpp:374:6:void cpp_main()	24	static,ignoring_inline_asm
../Core/Inc/pid_controller.hpp:7:3:T clampValue(T, T, T) [with T = short int]	16	static
../Core/Src/cpp_main.cpp:465:1:void __static_initialization_and_destruction_0()	32	static
../Core/Src/cpp_main.cpp:465:1:cpp)	8	static
