../Core/Inc/filter.hpp:11:10:IFilter::~IFilter()	16	static
../Core/Inc/filter.hpp:11:10:virtual IFilter::~IFilter()	16	static
../Core/Src/cpp_main.cpp:145:7:float clampValue(float, float, float)	24	static
../Core/Src/cpp_main.cpp:154:6:void applyMotorSpeed(Motor&, int16_t)	16	static
../Core/Src/cpp_main.cpp:168:6:void applyMotion()	80	static
../Core/Src/cpp_main.cpp:212:17:void HAL_TIM_PeriodElapsedCallback(TIM_HandleTypeDef*)	16	static
../Core/Src/cpp_main.cpp:235:6:void HAL_UART_RxCpltCallback(UART_HandleTypeDef*)	24	static
../Core/Src/cpp_main.cpp:295:21:sendTelemetryFrame()::<lambda(int16_t)>	16	static
../Core/Src/cpp_main.cpp:281:6:void sendTelemetryFrame()	24	static
../Core/Src/cpp_main.cpp:322:6:void HAL_UART_TxCpltCallback(UART_HandleTypeDef*)	16	static
../Core/Src/cpp_main.cpp:327:6:void HAL_ADC_ConvCpltCallback(ADC_HandleTypeDef*)	24	static
../Core/Src/cpp_main.cpp:338:6:void cpp_main()	24	static,ignoring_inline_asm
../Core/Inc/pid_controller.hpp:7:3:T clampValue(T, T, T) [with T = short int]	16	static
../Core/Inc/filter.hpp:24:7:MedianFilter<3>::~MedianFilter()	16	static
../Core/Inc/filter.hpp:24:7:virtual MedianFilter<3>::~MedianFilter()	16	static
../Core/Inc/filter.hpp:80:7:AverageFilter<10>::~AverageFilter()	16	static
../Core/Inc/filter.hpp:80:7:virtual AverageFilter<10>::~AverageFilter()	16	static
../Core/Src/cpp_main.cpp:437:1:void __static_initialization_and_destruction_0()	32	static
../Core/Inc/i2c_device.hpp:15:10:I2CDevice::~I2CDevice()	16	static
../Core/Inc/i2c_device.hpp:15:10:virtual I2CDevice::~I2CDevice()	16	static
../Core/Inc/testSensor.hpp:6:7:testI2C::~testI2C()	16	static
../Core/Inc/testSensor.hpp:6:7:virtual testI2C::~testI2C()	16	static
../Core/Inc/mlx90614.hpp:7:7:MLX90614::~MLX90614()	16	static
../Core/Inc/mlx90614.hpp:7:7:virtual MLX90614::~MLX90614()	16	static
../Core/Src/cpp_main.cpp:437:1:void __static_initialization_and_destruction_1()	16	static
../Core/Inc/filter.hpp:26:8:float MedianFilter<WindowSize>::update(float) [with unsigned char WindowSize = 3]	40	static
../Core/Inc/filter.hpp:56:7:void MedianFilter<WindowSize>::reset(float) [with unsigned char WindowSize = 3]	16	static
../Core/Inc/filter.hpp:62:8:float MedianFilter<WindowSize>::getValue() const [with unsigned char WindowSize = 3]	16	static
../Core/Inc/filter.hpp:82:8:float AverageFilter<WindowSize>::update(float) [with unsigned char WindowSize = 10]	24	static
../Core/Inc/filter.hpp:99:7:void AverageFilter<WindowSize>::reset(float) [with unsigned char WindowSize = 10]	16	static
../Core/Inc/filter.hpp:106:8:float AverageFilter<WindowSize>::getValue() const [with unsigned char WindowSize = 10]	16	static
../Core/Src/cpp_main.cpp:437:1:cpp)	8	static
../Core/Src/cpp_main.cpp:437:1:cpp)	8	static
