../Core/Src/main.c:79:5:main	8	static
../Core/Src/main.c:131:6:SystemClock_Config	88	static
../Core/Src/main.c:177:13:MX_TIM1_Init	96	static
../Core/Src/main.c:264:13:MX_TIM2_Init	56	static
../Core/Src/main.c:313:13:MX_TIM3_Init	56	static
../Core/Src/main.c:362:13:MX_TIM4_Init	56	static
../Core/Src/main.c:411:13:MX_TIM5_Init	56	static
../Core/Src/main.c:460:13:MX_TIM10_Init	8	static
../Core/Src/main.c:491:13:MX_USART2_UART_Init	8	static
../Core/Src/main.c:524:13:MX_GPIO_Init	48	static
../Core/Src/main.c:580:6:Error_Handler	4	static,ignoring_inline_asm
