../Core/Src/main.c:81:5:main	1
../Core/Src/main.c:134:6:SystemClock_Config	3
../Core/Src/main.c:180:13:MX_TIM1_Init	10
../Core/Src/main.c:267:13:MX_TIM2_Init	3
../Core/Src/main.c:316:13:MX_TIM3_Init	3
../Core/Src/main.c:365:13:MX_TIM4_Init	3
../Core/Src/main.c:414:13:MX_TIM5_Init	3
../Core/Src/main.c:463:13:MX_TIM9_Init	3
../Core/Src/main.c:501:13:MX_TIM10_Init	2
../Core/Src/main.c:532:13:MX_USART2_UART_Init	2
../Core/Src/main.c:565:13:MX_GPIO_Init	1
../Core/Src/main.c:621:6:Error_Handler	1
