../Core/Src/main.c:80:5:main	8	static
../Core/Src/main.c:132:6:SystemClock_Config	88	static
../Core/Src/main.c:178:13:MX_ADC1_Init	24	static
../Core/Src/main.c:230:13:MX_TIM1_Init	96	static
../Core/Src/main.c:317:13:MX_TIM3_Init	56	static
../Core/Src/main.c:366:13:MX_TIM4_Init	56	static
../Core/Src/main.c:415:13:MX_TIM5_Init	56	static
../Core/Src/main.c:464:13:MX_TIM10_Init	8	static
../Core/Src/main.c:495:13:MX_USART2_UART_Init	8	static
../Core/Src/main.c:528:13:MX_GPIO_Init	48	static
../Core/Src/main.c:584:6:Error_Handler	4	static,ignoring_inline_asm
